--- GENERATING DETAIL PLAN ---
PHASES:
- 5' A ÔÇö Ankommen (5m): Plenum
- 7' V ÔÇö Vorwissen (Video-Impuls: NMG / Geschichte) (7m): Plenum
- 11' I ÔÇö Informieren (11m): Plenum
- 16' V ÔÇö Verarbeiten (Gruppenprojekt) (16m): Gruppenarbeit
- 6' A ÔÇö Auswerten (Museumsgang) (6m): Plenum (gehend)

--- REFINING PLAN (More Video) ---
REFINED PHASES:
- 5' A ÔÇö Ankommen (5m): Plenum
- 7' V ÔÇö Vorwissen (Video-Impuls: NMG / Geschichte) (7m): Plenum
- 11' I ÔÇö Informieren (mit Video) (11m): Plenum
- 16' V ÔÇö Verarbeiten (Gruppenprojekt) (16m): Gruppenarbeit
- Abschluss-Quiz (Kahoot!) (6m): Plenum (gehend)
